
> temp-app@0.0.0 test
> vitest


[1m[46m RUN [49m[22m [36mv4.1.2 [39m[90m/Users/omar.patel/projects/personal/slow-grow-trainer[39m

 [32m✓[39m src/features/translation/AlienTranslation.test.tsx [2m([22m[2m3 tests[22m[2m)[22m[32m 35[2mms[22m[39m
[90mstderr[2m | src/features/assessments/Assessments.test.tsx[2m > [22m[2mOfficer Assessment (Voting Module)[2m > [22m[2mrenders voting categories successfully without injecting mock opponents
[22m[39mAn update to Assessments inside a test was not wrapped in act(...).

When testing, code that causes React state updates should be wrapped into act(...):

act(() => {
  /* fire events that update state */
});
/* assert on the output */

This ensures that you're testing the behavior the user would see in the browser. Learn more at https://react.dev/link/wrap-tests-with-act

 [32m✓[39m src/components/TranslatedHeader.test.tsx [2m([22m[2m6 tests[22m[2m)[22m[32m 40[2mms[22m[39m
[90mstderr[2m | src/features/battles/CampaignBattles.test.tsx[2m > [22m[2mCampaign Battles Integrations[2m > [22m[2mshows loading state initially
[22m[39mAn update to CampaignBattles inside a test was not wrapped in act(...).

When testing, code that causes React state updates should be wrapped into act(...):

act(() => {
  /* fire events that update state */
});
/* assert on the output */

This ensures that you're testing the behavior the user would see in the browser. Learn more at https://react.dev/link/wrap-tests-with-act

[90mstderr[2m | src/features/battles/CampaignBattles.test.tsx[2m > [22m[2mCampaign Battles Integrations[2m > [22m[2mshows loading state initially
[22m[39mAn update to CampaignBattles inside a test was not wrapped in act(...).

When testing, code that causes React state updates should be wrapped into act(...):

act(() => {
  /* fire events that update state */
});
/* assert on the output */

This ensures that you're testing the behavior the user would see in the browser. Learn more at https://react.dev/link/wrap-tests-with-act
An update to CampaignBattles inside a test was not wrapped in act(...).

When testing, code that causes React state updates should be wrapped into act(...):

act(() => {
  /* fire events that update state */
});
/* assert on the output */

This ensures that you're testing the behavior the user would see in the browser. Learn more at https://react.dev/link/wrap-tests-with-act
An update to CampaignBattles inside a test was not wrapped in act(...).

When testing, code that causes React state updates should be wrapped into act(...):

act(() => {
  /* fire events that update state */
});
/* assert on the output */

This ensures that you're testing the behavior the user would see in the browser. Learn more at https://react.dev/link/wrap-tests-with-act

[90mstderr[2m | src/features/auth/Login.test.tsx[2m > [22m[2mLogin Component[2m > [22m[2mrenders login form elements successfully
[22m[39mAn update to Login inside a test was not wrapped in act(...).

When testing, code that causes React state updates should be wrapped into act(...):

act(() => {
  /* fire events that update state */
});
/* assert on the output */

This ensures that you're testing the behavior the user would see in the browser. Learn more at https://react.dev/link/wrap-tests-with-act

 [32m✓[39m src/features/auth/UpdatePassword.test.tsx [2m([22m[2m2 tests[22m[2m)[22m[32m 100[2mms[22m[39m
 [32m✓[39m src/features/assessments/Assessments.test.tsx [2m([22m[2m2 tests[22m[2m)[22m[32m 105[2mms[22m[39m
[90mstderr[2m | src/features/auth/Login.test.tsx[2m > [22m[2mLogin Component[2m > [22m[2mcalls Supabase auth on submit
[22m[39mAn update to Login inside a test was not wrapped in act(...).

When testing, code that causes React state updates should be wrapped into act(...):

act(() => {
  /* fire events that update state */
});
/* assert on the output */

This ensures that you're testing the behavior the user would see in the browser. Learn more at https://react.dev/link/wrap-tests-with-act

[90mstderr[2m | src/features/auth/Login.test.tsx[2m > [22m[2mLogin Component[2m > [22m[2mhandles forgot password flow smoothly
[22m[39mAn update to Login inside a test was not wrapped in act(...).

When testing, code that causes React state updates should be wrapped into act(...):

act(() => {
  /* fire events that update state */
});
/* assert on the output */

This ensures that you're testing the behavior the user would see in the browser. Learn more at https://react.dev/link/wrap-tests-with-act
An update to Login inside a test was not wrapped in act(...).

When testing, code that causes React state updates should be wrapped into act(...):

act(() => {
  /* fire events that update state */
});
/* assert on the output */

This ensures that you're testing the behavior the user would see in the browser. Learn more at https://react.dev/link/wrap-tests-with-act

 [32m✓[39m src/features/battles/CampaignBattles.test.tsx [2m([22m[2m4 tests[22m[2m)[22m[32m 111[2mms[22m[39m
 [32m✓[39m src/features/admin/AdminDashboard.test.tsx [2m([22m[2m3 tests[22m[2m)[22m[32m 122[2mms[22m[39m
 [32m✓[39m src/features/auth/Login.test.tsx [2m([22m[2m4 tests[22m[2m)[22m[32m 138[2mms[22m[39m
 [32m✓[39m src/features/logistics/Logistics.test.tsx [2m([22m[2m3 tests[22m[2m)[22m[32m 172[2mms[22m[39m
[90mstderr[2m | src/features/profile/CommanderProfile.test.tsx[2m > [22m[2mCommanderProfile[2m > [22m[2mshows loading state initially
[22m[39mAn update to CommanderProfile inside a test was not wrapped in act(...).

When testing, code that causes React state updates should be wrapped into act(...):

act(() => {
  /* fire events that update state */
});
/* assert on the output */

This ensures that you're testing the behavior the user would see in the browser. Learn more at https://react.dev/link/wrap-tests-with-act
An update to CommanderProfile inside a test was not wrapped in act(...).

When testing, code that causes React state updates should be wrapped into act(...):

act(() => {
  /* fire events that update state */
});
/* assert on the output */

This ensures that you're testing the behavior the user would see in the browser. Learn more at https://react.dev/link/wrap-tests-with-act

[90mstderr[2m | src/features/profile/CommanderProfile.test.tsx[2m > [22m[2mCommanderProfile[2m > [22m[2mshows loading state initially
[22m[39mAn update to CommanderProfile inside a test was not wrapped in act(...).

When testing, code that causes React state updates should be wrapped into act(...):

act(() => {
  /* fire events that update state */
});
/* assert on the output */

This ensures that you're testing the behavior the user would see in the browser. Learn more at https://react.dev/link/wrap-tests-with-act
An update to CommanderProfile inside a test was not wrapped in act(...).

When testing, code that causes React state updates should be wrapped into act(...):

act(() => {
  /* fire events that update state */
});
/* assert on the output */

This ensures that you're testing the behavior the user would see in the browser. Learn more at https://react.dev/link/wrap-tests-with-act
An update to CommanderProfile inside a test was not wrapped in act(...).

When testing, code that causes React state updates should be wrapped into act(...):

act(() => {
  /* fire events that update state */
});
/* assert on the output */

This ensures that you're testing the behavior the user would see in the browser. Learn more at https://react.dev/link/wrap-tests-with-act
An update to CommanderProfile inside a test was not wrapped in act(...).

When testing, code that causes React state updates should be wrapped into act(...):

act(() => {
  /* fire events that update state */
});
/* assert on the output */

This ensures that you're testing the behavior the user would see in the browser. Learn more at https://react.dev/link/wrap-tests-with-act
An update to CommanderProfile inside a test was not wrapped in act(...).

When testing, code that causes React state updates should be wrapped into act(...):

act(() => {
  /* fire events that update state */
});
/* assert on the output */

This ensures that you're testing the behavior the user would see in the browser. Learn more at https://react.dev/link/wrap-tests-with-act
An update to CommanderProfile inside a test was not wrapped in act(...).

When testing, code that causes React state updates should be wrapped into act(...):

act(() => {
  /* fire events that update state */
});
/* assert on the output */

This ensures that you're testing the behavior the user would see in the browser. Learn more at https://react.dev/link/wrap-tests-with-act
An update to CommanderProfile inside a test was not wrapped in act(...).

When testing, code that causes React state updates should be wrapped into act(...):

act(() => {
  /* fire events that update state */
});
/* assert on the output */

This ensures that you're testing the behavior the user would see in the browser. Learn more at https://react.dev/link/wrap-tests-with-act
An update to CommanderProfile inside a test was not wrapped in act(...).

When testing, code that causes React state updates should be wrapped into act(...):

act(() => {
  /* fire events that update state */
});
/* assert on the output */

This ensures that you're testing the behavior the user would see in the browser. Learn more at https://react.dev/link/wrap-tests-with-act

[90mstderr[2m | src/features/profile/CommanderProfile.test.tsx[2m > [22m[2mCommanderProfile[2m > [22m[2mshows loading state initially
[22m[39mAn update to CommanderProfile inside a test was not wrapped in act(...).

When testing, code that causes React state updates should be wrapped into act(...):

act(() => {
  /* fire events that update state */
});
/* assert on the output */

This ensures that you're testing the behavior the user would see in the browser. Learn more at https://react.dev/link/wrap-tests-with-act

[90mstderr[2m | src/features/profile/CommanderProfile.test.tsx[2m > [22m[2mCommanderProfile[2m > [22m[2mrenders commander name and tabs after load
[22m[39mAn error occurred in the <CampaignQuests> component.

Consider adding an error boundary to your tree to customize error handling behavior.
Visit https://react.dev/link/error-boundaries to learn more about error boundaries.


[90mstderr[2m | src/features/profile/CommanderProfile.test.tsx[2m > [22m[2mCommanderProfile[2m > [22m[2mshows specs by default with faction info
[22m[39mAn error occurred in the <CampaignQuests> component.

Consider adding an error boundary to your tree to customize error handling behavior.
Visit https://react.dev/link/error-boundaries to learn more about error boundaries.


[90mstderr[2m | src/features/profile/CommanderProfile.test.tsx[2m > [22m[2mCommanderProfile[2m > [22m[2mswitches to roster tab and renders ArmyRoster
[22m[39mAn error occurred in the <CampaignQuests> component.

Consider adding an error boundary to your tree to customize error handling behavior.
Visit https://react.dev/link/error-boundaries to learn more about error boundaries.


[90mstderr[2m | src/features/profile/CommanderProfile.test.tsx[2m > [22m[2mCommanderProfile[2m > [22m[2mswitches to lore tab and shows lore text
[22m[39mAn error occurred in the <CampaignQuests> component.

Consider adding an error boundary to your tree to customize error handling behavior.
Visit https://react.dev/link/error-boundaries to learn more about error boundaries.


 [31m❯[39m src/features/profile/CommanderProfile.test.tsx [2m([22m[2m5 tests[22m[2m | [22m[31m2 failed[39m[2m)[22m[32m 89[2mms[22m[39m
     [32m✓[39m shows loading state initially[32m 21[2mms[22m[39m
     [32m✓[39m renders commander name and tabs after load[32m 34[2mms[22m[39m
     [32m✓[39m shows specs by default with faction info[32m 12[2mms[22m[39m
[31m     [31m×[31m switches to roster tab and renders ArmyRoster[39m[32m 13[2mms[22m[39m
[31m     [31m×[31m switches to lore tab and shows lore text[39m[32m 8[2mms[22m[39m
 [31m❯[39m src/hooks/useUnitRegistry.test.ts [2m([22m[2m1 test[22m[2m | [22m[31m1 failed[39m[2m)[22m[32m 265[2mms[22m[39m
[31m   [31m×[31m useUnitRegistry bypasses 1000-row limit and fetches all World Eaters[39m[32m 264[2mms[22m[39m
 [32m✓[39m src/App.test.tsx [2m([22m[2m1 test[22m[2m)[22m[32m 20[2mms[22m[39m
 [32m✓[39m src/features/admin/Matchmaker.test.ts [2m([22m[2m3 tests[22m[2m)[22m[32m 2[2mms[22m[39m
 [32m✓[39m src/utils/imageCompression.test.ts [2m([22m[2m8 tests[22m[2m)[22m[32m 7[2mms[22m[39m
[90mstderr[2m | src/features/dashboard/Dashboard.test.tsx[2m > [22m[2mDashboard (Megafactions War Effort Map)[2m > [22m[2mrenders the scores fetched from the database successfully
[22m[39mEach child in a list should have a unique "key" prop.

Check the render method of `div`. It was passed a child from Dashboard. See https://react.dev/link/warning-keys for more information.

 [31m❯[39m src/features/profile/ArmyRoster.test.tsx [2m([22m[2m7 tests[22m[2m | [22m[31m1 failed[39m[2m)[22m[33m 1236[2mms[22m[39m
     [32m✓[39m renders roster table with units after load[32m 70[2mms[22m[39m
     [32m✓[39m shows Astra Militarum in the faction dropdown[32m 67[2mms[22m[39m
     [32m✓[39m shows factional grouping by grand alliance[32m 22[2mms[22m[39m
     [32m✓[39m shows progress bars when units exist[32m 14[2mms[22m[39m
     [32m✓[39m shows read-only view for non-owners (no remove buttons)[32m 5[2mms[22m[39m
     [32m✓[39m toggles built status when button clicked[32m 19[2mms[22m[39m
[31m     [31m×[31m auto-fills points when a known unit is selected[39m[33m 1038[2mms[22m[39m
 [31m❯[39m src/features/dashboard/Dashboard.test.tsx [2m([22m[2m2 tests[22m[2m | [22m[31m2 failed[39m[2m)[22m[33m 2022[2mms[22m[39m
[31m     [31m×[31m renders an empty state if no real data is found (Strict NO MOCK DATA rule)[39m[33m 1014[2mms[22m[39m
[31m     [31m×[31m renders the scores fetched from the database successfully[39m[33m 1005[2mms[22m[39m

[31m⎯⎯⎯⎯⎯⎯⎯[39m[1m[41m Failed Tests 6 [49m[22m[31m⎯⎯⎯⎯⎯⎯⎯[39m

[41m[1m FAIL [22m[49m src/hooks/useUnitRegistry.test.ts[2m > [22museUnitRegistry bypasses 1000-row limit and fetches all World Eaters
[31m[1mAssertionError[22m: expected 'column unit_points.cost_tiers does no…' to be null[39m

[32m- Expected:[39m
null

[31m+ Received:[39m
"column unit_points.cost_tiers does not exist"

[36m [2m❯[22m src/hooks/useUnitRegistry.test.ts:[2m18:34[22m[39m
    [90m 16|[39m
    [90m 17|[39m     [90m// Ensure we didn't hit an error[39m
    [90m 18|[39m     [34mexpect[39m(result[33m.[39mcurrent[33m.[39merror)[33m.[39m[34mtoBeNull[39m()[33m;[39m
    [90m   |[39m                                  [31m^[39m
    [90m 19|[39m
    [90m 20|[39m     [90m// Verify the total units exceed the default 1000-row limit[39m

[31m[2m⎯⎯⎯⎯⎯⎯⎯⎯⎯⎯⎯⎯⎯⎯⎯⎯⎯⎯⎯⎯⎯⎯⎯⎯[1/6]⎯[22m[39m

[41m[1m FAIL [22m[49m src/features/dashboard/Dashboard.test.tsx[2m > [22mDashboard (Megafactions War Effort Map)[2m > [22mrenders an empty state if no real data is found (Strict NO MOCK DATA rule)
[31m[1mTestingLibraryElementError[22m[39m: Unable to find an element with the text: /No telemetry data available/i. This could be because the text is broken up by multiple elements. In this case, you can provide a function for your text matcher to make your matcher more flexible.

Ignored nodes: comments, script, style
[36m<body>[39m
  [36m<div>[39m
    [36m<div[39m
      [33mstyle[39m=[32m"display: flex; flex-direction: column; gap: 2rem;"[39m
    [36m>[39m
      [36m<div[39m
        [33mclass[39m=[32m"card"[39m
        [33mstyle[39m=[32m"margin-bottom: 2rem; padding: 0px; overflow: hidden; border: 1px solid rgb(26, 46, 26);"[39m
      [36m>[39m
        [36m<div[39m
          [33mstyle[39m=[32m"background-color: rgb(10, 20, 10); padding: 0.75rem 1.5rem; border-bottom: 1px solid rgb(26, 46, 26); display: flex; align-items: center; gap: 0.5rem;"[39m
        [36m>[39m
          [36m<span[39m
            [33mstyle[39m=[32m"color: rgb(74, 222, 128); font-size: 1.2rem; font-family: monospace;"[39m
          [36m>[39m
            [0m_[0m
          [36m</span>[39m
          [36m<h2[39m
            [33mstyle[39m=[32m"font-size: 1rem; margin: 0px; color: rgb(74, 222, 128); font-family: monospace; text-transform: uppercase; letter-spacing: 1px;"[39m
          [36m>[39m
            [0mINCOMING COMMUNIQUE :: SECTOR COMMAND[0m
          [36m</h2>[39m
        [36m</div>[39m
        [36m<div[39m
          [33mclass[39m=[32m"terminal-communique imperial"[39m
        [36m>[39m
          [36m<p[39m
            [33mstyle[39m=[32m"margin: 0px;"[39m
          [36m>[39m
            [0mVespera Prime, a planet only a few lightyears away from noble Elysia. Once a verdant agriworld thousands of years past, it is now a planet hostile to nearly all life, a casualty from the days of the Horus Heresy. Millennia of war have broken the crust, revealing continents of volcanic activity and rivers of magma. Ancient fields of forest have become ash wastes and rad-soaked wastelands. Aberrant storms create torrential acidic rains that eat away at any attempt at life on the continents, while mighty oceans once teeming with life are toxic soups of poison.[0m
          [36m</p>[39m
          [36m<p[39m
            [33mstyle[39m=[32m"margin: 0px;"[39m
          [36m>[39m
            [0mBut where one might see a death world, the Imperium saw opportunity. For the last 4,000 years, the Imperium has created a foothold on the planet, extracting rare minerals and promethium pushed up from the crust. The planet is now a crucial resource station for the endless armies of the Imperium. Several billion inhabitants live in hive cities, working in the manufactorums and helping to extract resources from this dying world.[0m
          [36m</p>[39m
          [36m<p[39m
            [33mstyle[39m=[32m"margin: 0px;"[39m
          [36m>[39m
            [0mLife is harsh for the average Imperial citizen, and many have abandoned the weary hive cities to live in the wastes, finding ancient relics and machines to plunder for some coin. These people have since become nomadic tribes living on the edge of society and forming their own ways of life, eschewing the safety of the walls for relative freedom.[0m
          [36m</p>[39m
          [36m<p[39m
            [33mstyle[39m=[32m"margin: 0px;"[39m
          [36m>[39m
            [0mMeanwhile, the magma forges are run by the Adeptus Mechanicus. These enormous structures utilize the immense heat of the forges to run the manufactorums that extract both the precious promethium and other minerals near the surface. No creature can survive here except the augmented or genetically enhanced. Plumes of smoke billow into the sky, and ash chokes nearly every corridor. Those found guilty of crimes in the hive are often sent to work the forges—a grueling death sentence and a cruel method of maintaining order in a hopeless world.[0m
          [36m</p>[39m
          [36m<p[39m
            [33mstyle[39m=[32m"margin: 0px;"[39m
          [36m>[39m
            [0mYet, there are harsher places to live on this death world. The Sump is an abandoned hive from before the Heresy. The city was one of the first to fall to the traitor legions. Once a gleaming fortress of towers overseeing the entirety of the planet from its tall peaks, it now resembles a series of pockmarked craters, thousands of feet deep. Billions were killed in the bombardment, but there were still millions trapped beneath the craters. Those in the underlevels at the time had hoped that help would come for them and waited out the war. That was over 10,000 years ago.[0m
          [36m</p>[39m
          [36m<div[39m
            [33mstyle[39m=[32m"margin-top: 1rem; color: rgb(22, 163, 74); font-size: 0.8rem; border-top: 1px dashed rgb(26, 46, 26); padding-top: 1rem;"[39m
          [36m>[39m
            [0m[END TRANSMISSION] // NO REPLIES PERMITTED // THE EMPEROR PROTECTS[0m
          [36m</div>[39m
        [36m</div>[39m
      [36m</div>[39m
      [36m<div[39m
        [33mclass[39m=[32m"card"[39m
        [33mid[39m=[32m"globe-container"[39m
        [33mstyle[39m=[32m"padding: 0px; overflow: hidden; position: relative; display: flex; justify-content: center; align-items: center;"[39m
      [36m>[39m
        [36m<div[39m
          [33mstyle[39m=[32m"position: absolute; top: 1rem; left: 1rem; z-index: 10; background: rgba(0, 0, 0, 0.85); padding: 0.75rem 1.25rem; border-radius: 6px; border: 1px solid var(--theme-border); backdrop-filter: blur(4px);"[39m
        [36m>[39m
          [36m<h3[39m
            [33mstyle[39m=[32m"margin: 0px; font-size: 1.2rem; color: var(--theme-accent);"[39m
          [36m>[39m
            [0mVespera Prime[0m
          [36m</h3>[39m
          [36m<p[39m
            [33mstyle[39m=[32m"margin: 0px; font-size: 0.8rem; color: var(--theme-fg-muted);"[39m
          [36m>[39m
            [0mTactical Hologlobe (Hover over reticles)[0m
          [36m</p>[39m
        [36m</div>[39m
      [36m</div>[39m
      [36m<div[39m
        [33mclass[39m=[32m"card"[39m
      [36m>[39m
        [36m<h2[39m
          [33mstyle[39m=[32m"font-size: 1.5rem; margin-bottom: 1.5rem; border-bottom: 2px solid var(--theme-border); padding-bottom: 0.5rem; color: var(--theme-accent);"[39m
        [36m>[39m
          [0mForces Deployed[0m
        [36m</h2>[39m
        [36m<p[39m
          [33mstyle[39m=[32m"color: var(--theme-fg-muted);"[39m
        [36m>[39m
          [0mNo forces currently deployed.[0m
        [36m</p>[39m
      [36m</div>[39m
      [36m<div[39m
        [33mclass[39m=[32m"card"[39m
      [36m>[39m
        [36m<h2[39m
          [33mstyle[39m=[32m"font-size: 1.5rem; margin-bottom: 1.5rem; border-bottom: 2px solid var(--theme-border); padding-bottom: 0.5rem; color: var(--theme-accent);"[39m
        [36m>[39m
          [0mSector Command Roster[0m
        [36m</h2>[39m
        [36m<p[39m
          [33mstyle[39m=[32m"color: var(--theme-fg-muted);"[39m
        [36m>[39m
          [0mNo active commanders registered.[0m
        [36m</p>[39m
      [36m</div>[39m
    [36m</div>[39m
  [36m</div>[39m
[36m</body>[39m

Ignored nodes: comments, script, style
[36m<body>[39m
  [36m<div>[39m
    [36m<div[39m
      [33mstyle[39m=[32m"display: flex; flex-direction: column; gap: 2rem;"[39m
    [36m>[39m
      [36m<div[39m
        [33mclass[39m=[32m"card"[39m
        [33mstyle[39m=[32m"margin-bottom: 2rem; padding: 0px; overflow: hidden; border: 1px solid rgb(26, 46, 26);"[39m
      [36m>[39m
        [36m<div[39m
          [33mstyle[39m=[32m"background-color: rgb(10, 20, 10); padding: 0.75rem 1.5rem; border-bottom: 1px solid rgb(26, 46, 26); display: flex; align-items: center; gap: 0.5rem;"[39m
        [36m>[39m
          [36m<span[39m
            [33mstyle[39m=[32m"color: rgb(74, 222, 128); font-size: 1.2rem; font-family: monospace;"[39m
          [36m>[39m
            [0m_[0m
          [36m</span>[39m
          [36m<h2[39m
            [33mstyle[39m=[32m"font-size: 1rem; margin: 0px; color: rgb(74, 222, 128); font-family: monospace; text-transform: uppercase; letter-spacing: 1px;"[39m
          [36m>[39m
            [0mINCOMING COMMUNIQUE :: SECTOR COMMAND[0m
          [36m</h2>[39m
        [36m</div>[39m
        [36m<div[39m
          [33mclass[39m=[32m"terminal-communique imperial"[39m
        [36m>[39m
          [36m<p[39m
            [33mstyle[39m=[32m"margin: 0px;"[39m
          [36m>[39m
            [0mVespera Prime, a planet only a few lightyears away from noble Elysia. Once a verdant agriworld thousands of years past, it is now a planet hostile to nearly all life, a casualty from the days of the Horus Heresy. Millennia of war have broken the crust, revealing continents of volcanic activity and rivers of magma. Ancient fields of forest have become ash wastes and rad-soaked wastelands. Aberrant storms create torrential acidic rains that eat away at any attempt at life on the continents, while mighty oceans once teeming with life are toxic soups of poison.[0m
          [36m</p>[39m
          [36m<p[39m
            [33mstyle[39m=[32m"margin: 0px;"[39m
          [36m>[39m
            [0mBut where one might see a death world, the Imperium saw opportunity. For the last 4,000 years, the Imperium has created a foothold on the planet, extracting rare minerals and promethium pushed up from the crust. The planet is now a crucial resource station for the endless armies of the Imperium. Several billion inhabitants live in hive cities, working in the manufactorums and helping to extract resources from this dying world.[0m
          [36m</p>[39m
          [36m<p[39m
            [33mstyle[39m=[32m"margin: 0px;"[39m
          [36m>[39m
            [0mLife is harsh for the average Imperial citizen, and many have abandoned the weary hive cities to live in the wastes, finding ancient relics and machines to plunder for some coin. These people have since become nomadic tribes living on the edge of society and forming their own ways of life, eschewing the safety of the walls for relative freedom.[0m
          [36m</p>[39m
          [36m<p[39m
            [33mstyle[39m=[32m"margin: 0px;"[39m
          [36m>[39m
            [0mMeanwhile, the magma forges are run by the Adeptus Mechanicus. These enormous structures utilize the immense heat of the forges to run the manufactorums that extract both the precious promethium and other minerals near the surface. No creature can survive here except the augmented or genetically enhanced. Plumes of smoke billow into the sky, and ash chokes nearly every corridor. Those found guilty of crimes in the hive are often sent to work the forges—a grueling death sentence and a cruel method of maintaining order in a hopeless world.[0m
          [36m</p>[39m
          [36m<p[39m
            [33mstyle[39m=[32m"margin: 0px;"[39m
          [36m>[39m
            [0mYet, there are harsher places to live on this death world. The Sump is an abandoned hive from before the Heresy. The city was one of the first to fall to the traitor legions. Once a gleaming fortress of towers overseeing the entirety of the planet from its tall peaks, it now resembles a series of pockmarked craters, thousands of feet deep. Billions were killed in the bombardment, but there were still millions trapped beneath the craters. Those in the underlevels at the time had hoped that help would come for them and waited out the war. That was over 10,000 years ago.[0m
          [36m</p>[39m
          [36m<div[39m
            [33mstyle[39m=[32m"margin-top: 1rem; color: rgb(22, 163, 74); font-size: 0.8rem; border-top: 1px dashed rgb(26, 46, 26); padding-top: 1rem;"[39m
          [36m>[39m
            [0m[END TRANSMISSION] // NO REPLIES PERMITTED // THE EMPEROR PROTECTS[0m
          [36m</div>[39m
        [36m</div>[39m
      [36m</div>[39m
      [36m<div[39m
        [33mclass[39m=[32m"card"[39m
        [33mid[39m=[32m"globe-container"[39m
        [33mstyle[39m=[32m"padding: 0px; overflow: hidden; position: relative; display: flex; justify-content: center; align-items: center;"[39m
      [36m>[39m
        [36m<div[39m
          [33mstyle[39m=[32m"position: absolute; top: 1rem; left: 1rem; z-index: 10; background: rgba(0, 0, 0, 0.85); padding: 0.75rem 1.25rem; border-radius: 6px; border: 1px solid var(--theme-border); backdrop-filter: blur(4px);"[39m
        [36m>[39m
          [36m<h3[39m
            [33mstyle[39m=[32m"margin: 0px; font-size: 1.2rem; color: var(--theme-accent);"[39m
          [36m>[39m
            [0mVespera Prime[0m
          [36m</h3>[39m
          [36m<p[39m
            [33mstyle[39m=[32m"margin: 0px; font-size: 0.8rem; color: var(--theme-fg-muted);"[39m
          [36m>[39m
            [0mTactical Hologlobe (Hover over reticles)[0m
          [36m</p>[39m
        [36m</div>[39m
      [36m</div>[39m
      [36m<div[39m
        [33mclass[39m=[32m"card"[39m
      [36m>[39m
        [36m<h2[39m
          [33mstyle[39m=[32m"font-size: 1.5rem; margin-bottom: 1.5rem; border-bottom: 2px solid var(--theme-border); padding-bottom: 0.5rem; color: var(--theme-accent);"[39m
        [36m>[39m
          [0mForces Deployed[0m
        [36m</h2>[39m
        [36m<p[39m
          [33mstyle[39m=[32m"color: var(--theme-fg-muted);"[39m
        [36m>[39m
          [0mNo forces currently deployed.[0m
        [36m</p>[39m
      [36m</div>[39m
      [36m<div[39m
        [33mclass[39m=[32m"card"[39m
      [36m>[39m
        [36m<h2[39m
          [33mstyle[39m=[32m"font-size: 1.5rem; margin-bottom: 1.5rem; border-bottom: 2px solid var(--theme-border); padding-bottom: 0.5rem; color: var(--theme-accent);"[39m
        [36m>[39m
          [0mSector Command Roster[0m
        [36m</h2>[39m
        [36m<p[39m
          [33mstyle[39m=[32m"color: var(--theme-fg-muted);"[39m
        [36m>[39m
          [0mNo active commanders registered.[0m
        [36m</p>[39m
      [36m</div>[39m
    [36m</div>[39m
  [36m</div>[39m
[36m</body>[39m
[90m [2m❯[22m waitForWrapper node_modules/@testing-library/dom/dist/wait-for.js:[2m163:27[22m[39m
[90m [2m❯[22m node_modules/@testing-library/dom/dist/query-helpers.js:[2m86:33[22m[39m
[36m [2m❯[22m src/features/dashboard/Dashboard.test.tsx:[2m42:25[22m[39m
    [90m 40|[39m
    [90m 41|[39m     [90m// Fast assertion for empty state[39m
    [90m 42|[39m     expect(await screen.findByText(/No telemetry data available/i)).to…
    [90m   |[39m                         [31m^[39m
    [90m 43|[39m
    [90m 44|[39m     [90m// Ensure no default zero scores or fake numbers exist[39m

[31m[2m⎯⎯⎯⎯⎯⎯⎯⎯⎯⎯⎯⎯⎯⎯⎯⎯⎯⎯⎯⎯⎯⎯⎯⎯[2/6]⎯[22m[39m

[41m[1m FAIL [22m[49m src/features/dashboard/Dashboard.test.tsx[2m > [22mDashboard (Megafactions War Effort Map)[2m > [22mrenders the scores fetched from the database successfully
[31m[1mTestingLibraryElementError[22m[39m: Unable to find an element with the text: /imperium/i, which matches selector 'span'. This could be because the text is broken up by multiple elements. In this case, you can provide a function for your text matcher to make your matcher more flexible.

Ignored nodes: comments, script, style
[36m<body>[39m
  [36m<div>[39m
    [36m<div[39m
      [33mstyle[39m=[32m"display: flex; flex-direction: column; gap: 2rem;"[39m
    [36m>[39m
      [36m<div[39m
        [33mstyle[39m=[32m"padding: 1.5rem; background: linear-gradient(to right, rgba(168, 85, 247, 0.2), transparent); border-radius: 4px; border: 1px solid rgba(168, 85, 247, 0.3);"[39m
      [36m>[39m
        [36m<div[39m
          [33mstyle[39m=[32m"display: flex; align-items: center; gap: 0.5rem; margin-bottom: 0.5rem;"[39m
        [36m>[39m
          [36m<span[39m
            [33mstyle[39m=[32m"color: rgb(168, 85, 247); font-size: 1.5rem;"[39m
          [36m>[39m
            [0m⚠️[0m
          [36m</span>[39m
          [36m<h3[39m
            [33mstyle[39m=[32m"margin: 0px; color: rgb(168, 85, 247); text-transform: uppercase; letter-spacing: 2px;"[39m
          [36m>[39m
            [0mSector-Wide Alert: [0m
          [36m</h3>[39m
        [36m</div>[39m
        [36m<p[39m
          [33mstyle[39m=[32m"color: rgb(255, 255, 255); font-size: 1.1rem; margin: 0px; line-height: 1.5;"[39m
        [36m/>[39m
      [36m</div>[39m
      [36m<div[39m
        [33mstyle[39m=[32m"padding: 1.5rem; background: linear-gradient(to right, rgba(168, 85, 247, 0.2), transparent); border-radius: 4px; border: 1px solid rgba(168, 85, 247, 0.3);"[39m
      [36m>[39m
        [36m<div[39m
          [33mstyle[39m=[32m"display: flex; align-items: center; gap: 0.5rem; margin-bottom: 0.5rem;"[39m
        [36m>[39m
          [36m<span[39m
            [33mstyle[39m=[32m"color: rgb(168, 85, 247); font-size: 1.5rem;"[39m
          [36m>[39m
            [0m⚠️[0m
          [36m</span>[39m
          [36m<h3[39m
            [33mstyle[39m=[32m"margin: 0px; color: rgb(168, 85, 247); text-transform: uppercase; letter-spacing: 2px;"[39m
          [36m>[39m
            [0mSector-Wide Alert: [0m
          [36m</h3>[39m
        [36m</div>[39m
        [36m<p[39m
          [33mstyle[39m=[32m"color: rgb(255, 255, 255); font-size: 1.1rem; margin: 0px; line-height: 1.5;"[39m
        [36m/>[39m
      [36m</div>[39m
      [36m<div[39m
        [33mstyle[39m=[32m"padding: 1.5rem; background: linear-gradient(to right, rgba(168, 85, 247, 0.2), transparent); border-radius: 4px; border: 1px solid rgba(168, 85, 247, 0.3);"[39m
      [36m>[39m
        [36m<div[39m
          [33mstyle[39m=[32m"display: flex; align-items: center; gap: 0.5rem; margin-bottom: 0.5rem;"[39m
        [36m>[39m
          [36m<span[39m
            [33mstyle[39m=[32m"color: rgb(168, 85, 247); font-size: 1.5rem;"[39m
          [36m>[39m
            [0m⚠️[0m
          [36m</span>[39m
          [36m<h3[39m
            [33mstyle[39m=[32m"margin: 0px; color: rgb(168, 85, 247); text-transform: uppercase; letter-spacing: 2px;"[39m
          [36m>[39m
            [0mSector-Wide Alert: [0m
          [36m</h3>[39m
        [36m</div>[39m
        [36m<p[39m
          [33mstyle[39m=[32m"color: rgb(255, 255, 255); font-size: 1.1rem; margin: 0px; line-height: 1.5;"[39m
        [36m/>[39m
      [36m</div>[39m
      [36m<div[39m
        [33mclass[39m=[32m"card"[39m
        [33mstyle[39m=[32m"margin-bottom: 2rem; padding: 0px; overflow: hidden; border: 1px solid rgb(26, 46, 26);"[39m
      [36m>[39m
        [36m<div[39m
          [33mstyle[39m=[32m"background-color: rgb(10, 20, 10); padding: 0.75rem 1.5rem; border-bottom: 1px solid rgb(26, 46, 26); display: flex; align-items: center; gap: 0.5rem;"[39m
        [36m>[39m
          [36m<span[39m
            [33mstyle[39m=[32m"color: rgb(74, 222, 128); font-size: 1.2rem; font-family: monospace;"[39m
          [36m>[39m
            [0m_[0m
          [36m</span>[39m
          [36m<h2[39m
            [33mstyle[39m=[32m"font-size: 1rem; margin: 0px; color: rgb(74, 222, 128); font-family: monospace; text-transform: uppercase; letter-spacing: 1px;"[39m
          [36m>[39m
            [0mINCOMING COMMUNIQUE :: SECTOR COMMAND[0m
          [36m</h2>[39m
        [36m</div>[39m
        [36m<div[39m
          [33mclass[39m=[32m"terminal-communique imperial"[39m
        [36m>[39m
          [36m<p[39m
            [33mstyle[39m=[32m"margin: 0px;"[39m
          [36m>[39m
            [0mVespera Prime, a planet only a few lightyears away from noble Elysia. Once a verdant agriworld thousands of years past, it is now a planet hostile to nearly all life, a casualty from the days of the Horus Heresy. Millennia of war have broken the crust, revealing continents of volcanic activity and rivers of magma. Ancient fields of forest have become ash wastes and rad-soaked wastelands. Aberrant storms create torrential acidic rains that eat away at any attempt at life on the continents, while mighty oceans once teeming with life are toxic soups of poison.[0m
          [36m</p>[39m
          [36m<p[39m
            [33mstyle[39m=[32m"margin: 0px;"[39m
          [36m>[39m
            [0mBut where one might see a death world, the Imperium saw opportunity. For the last 4,000 years, the Imperium has created a foothold on the planet, extracting rare minerals and promethium pushed up from the crust. The planet is now a crucial resource station for the endless armies of the Imperium. Several billion inhabitants live in hive cities, working in the manufactorums and helping to extract resources from this dying world.[0m
          [36m</p>[39m
          [36m<p[39m
            [33mstyle[39m=[32m"margin: 0px;"[39m
          [36m>[39m
            [0mLife is harsh for the average Imperial citizen, and many have abandoned the weary hive cities to live in the wastes, finding ancient relics and machines to plunder for some coin. These people have since become nomadic tribes living on the edge of society and forming their own ways of life, eschewing the safety of the walls for relative freedom.[0m
          [36m</p>[39m
          [36m<p[39m
            [33mstyle[39m=[32m"margin: 0px;"[39m
          [36m>[39m
            [0mMeanwhile, the magma forges are run by the Adeptus Mechanicus. These enormous structures utilize the immense heat of the forges to run the manufactorums that extract both the precious promethium and other minerals near the surface. No creature can survive here except the augmented or genetically enhanced. Plumes of smoke billow into the sky, and ash chokes nearly every corridor. Those found guilty of crimes in the hive are often sent to work the forges—a grueling death sentence and a cruel method of maintaining order in a hopeless world.[0m
          [36m</p>[39m
          [36m<p[39m
            [33mstyle[39m=[32m"margin: 0px;"[39m
          [36m>[39m
            [0mYet, there are harsher places to live on this death world. The Sump is an abandoned hive from before the Heresy. The city was one of the first to fall to the traitor legions. Once a gleaming fortress of towers overseeing the entirety of the planet from its tall peaks, it now resembles a series of pockmarked craters, thousands of feet deep. Billions were killed in the bombardment, but there were still millions trapped beneath the craters. Those in the underlevels at the time had hoped that help would come for them and waited out the war. That was over 10,000 years ago.[0m
          [36m</p>[39m
          [36m<div[39m
            [33mstyle[39m=[32m"margin-top: 1rem; color: rgb(22, 163, 74); font-size: 0.8rem; border-top: 1px dashed rgb(26, 46, 26); padding-top: 1rem;"[39m
          [36m>[39m
            [0m[END TRANSMISSION] // NO REPLIES PERMITTED // THE EMPEROR PROTECTS[0m
          [36m</div>[39m
        [36m</div>[39m
      [36m</div>[39m
      [36m<div[39m
        [33mclass[39m=[32m"card"[39m
        [33mid[39m=[32m"globe-container"[39m
        [33mstyle[39m=[32m"padding: 0px; overflow: hidden; position: relative; display: flex; justify-content: center; align-items: center;"[39m
      [36m>[39m
        [36m<div[39m
          [33mstyle[39m=[32m"position: absolute; top: 1rem; left: 1rem; z-index: 10; background: rgba(0, 0, 0, 0.85); padding: 0.75rem 1.25rem; border-radius: 6px; border: 1px solid var(--theme-border); backdrop-filter: blur(4px);"[39m
        [36m>[39m
          [36m<h3[39m
            [33mstyle[39m=[32m"margin: 0px; font-size: 1.2rem; color: var(--theme-accent);"[39m
          [36m>[39m
            [0mVespera Prime[0m
          [36m</h3>[39m
          [36m<p[39m
            [33mstyle[39m=[32m"margin: 0px; font-size: 0.8rem; color: var(--theme-fg-muted);"[39m
          [36m>[39m
            [0mTactical Hologlobe (Hover over reticles)[0m
          [36m</p>[39m
        [36m</div>[39m
      [36m</div>[39m
      [36m<div[39m
        [33mclass[39m=[32m"card"[39m
      [36m>[39m
        [36m<h2[39m
          [33mstyle[39m=[32m"font-size: 1.5rem; margin-bottom: 1.5rem; border-bottom: 2px solid var(--theme-border); padding-bottom: 0.5rem; color: var(--theme-accent);"[39m
        [36m>[39m
          [0mForces Deployed[0m
        [36m</h2>[39m
        [36m<p[39m
          [33mstyle[39m=[32m"color: var(--theme-fg-muted);"[39m
        [36m>[39m
          [0mNo forces currently deployed.[0m
        [36m</p>[39m
      [36m</div>[39m
      [36m<div[39m
        [33mclass[39m=[32m"card"[39m
      [36m>[39m
        [36m<h2[39m
          [33mstyle[39m=[32m"font-size: 1.5rem; margin-bottom: 1.5rem; border-bottom: 2px solid var(--theme-border); padding-bottom: 0.5rem; color: var(--theme-accent);"[39m
        [36m>[39m
          [0mSector Command Roster[0m
        [36m</h2>[39m
        [36m<p[39m
          [33mstyle[39m=[32m"color: var(--theme-fg-muted);"[39m
        [36m>[39m
          [0mNo active commanders registered.[0m
        [36m</p>[39m
      [36m</div>[39m
    [36m</div>[39m
  [36m</div>[39m
[36m</body>[39m

Ignored nodes: comments, script, style
[36m<html>[39m
  [36m<head />[39m
  [36m<body>[39m
    [36m<div>[39m
      [36m<div[39m
        [33mstyle[39m=[32m"display: flex; flex-direction: column; gap: 2rem;"[39m
      [36m>[39m
        [36m<div[39m
          [33mstyle[39m=[32m"padding: 1.5rem; background: linear-gradient(to right, rgba(168, 85, 247, 0.2), transparent); border-radius: 4px; border: 1px solid rgba(168, 85, 247, 0.3);"[39m
        [36m>[39m
          [36m<div[39m
            [33mstyle[39m=[32m"display: flex; align-items: center; gap: 0.5rem; margin-bottom: 0.5rem;"[39m
          [36m>[39m
            [36m<span[39m
              [33mstyle[39m=[32m"color: rgb(168, 85, 247); font-size: 1.5rem;"[39m
            [36m>[39m
              [0m⚠️[0m
            [36m</span>[39m
            [36m<h3[39m
              [33mstyle[39m=[32m"margin: 0px; color: rgb(168, 85, 247); text-transform: uppercase; letter-spacing: 2px;"[39m
            [36m>[39m
              [0mSector-Wide Alert: [0m
            [36m</h3>[39m
          [36m</div>[39m
          [36m<p[39m
            [33mstyle[39m=[32m"color: rgb(255, 255, 255); font-size: 1.1rem; margin: 0px; line-height: 1.5;"[39m
          [36m/>[39m
        [36m</div>[39m
        [36m<div[39m
          [33mstyle[39m=[32m"padding: 1.5rem; background: linear-gradient(to right, rgba(168, 85, 247, 0.2), transparent); border-radius: 4px; border: 1px solid rgba(168, 85, 247, 0.3);"[39m
        [36m>[39m
          [36m<div[39m
            [33mstyle[39m=[32m"display: flex; align-items: center; gap: 0.5rem; margin-bottom: 0.5rem;"[39m
          [36m>[39m
            [36m<span[39m
              [33mstyle[39m=[32m"color: rgb(168, 85, 247); font-size: 1.5rem;"[39m
            [36m>[39m
              [0m⚠️[0m
            [36m</span>[39m
            [36m<h3[39m
              [33mstyle[39m=[32m"margin: 0px; color: rgb(168, 85, 247); text-transform: uppercase; letter-spacing: 2px;"[39m
            [36m>[39m
              [0mSector-Wide Alert: [0m
            [36m</h3>[39m
          [36m</div>[39m
          [36m<p[39m
            [33mstyle[39m=[32m"color: rgb(255, 255, 255); font-size: 1.1rem; margin: 0px; line-height: 1.5;"[39m
          [36m/>[39m
        [36m</div>[39m
        [36m<div[39m
          [33mstyle[39m=[32m"padding: 1.5rem; background: linear-gradient(to right, rgba(168, 85, 247, 0.2), transparent); border-radius: 4px; border: 1px solid rgba(168, 85, 247, 0.3);"[39m
        [36m>[39m
          [36m<div[39m
            [33mstyle[39m=[32m"display: flex; align-items: center; gap: 0.5rem; margin-bottom: 0.5rem;"[39m
          [36m>[39m
            [36m<span[39m
              [33mstyle[39m=[32m"color: rgb(168, 85, 247); font-size: 1.5rem;"[39m
            [36m>[39m
              [0m⚠️[0m
            [36m</span>[39m
            [36m<h3[39m
              [33mstyle[39m=[32m"margin: 0px; color: rgb(168, 85, 247); text-transform: uppercase; letter-spacing: 2px;"[39m
            [36m>[39m
              [0mSector-Wide Alert: [0m
            [36m</h3>[39m
          [36m</div>[39m
          [36m<p[39m
            [33mstyle[39m=[32m"color: rgb(255, 255, 255); font-size: 1.1rem; margin: 0px; line-height: 1.5;"[39m
          [36m/>[39m
        [36m</div>[39m
        [36m<div[39m
          [33mclass[39m=[32m"card"[39m
          [33mstyle[39m=[32m"margin-bottom: 2rem; padding: 0px; overflow: hidden; border: 1px solid rgb(26, 46, 26);"[39m
        [36m>[39m
          [36m<div[39m
            [33mstyle[39m=[32m"background-color: rgb(10, 20, 10); padding: 0.75rem 1.5rem; border-bottom: 1px solid rgb(26, 46, 26); display: flex; align-items: center; gap: 0.5rem;"[39m
          [36m>[39m
            [36m<span[39m
              [33mstyle[39m=[32m"color: rgb(74, 222, 128); font-size: 1.2rem; font-family: monospace;"[39m
            [36m>[39m
              [0m_[0m
            [36m</span>[39m
            [36m<h2[39m
              [33mstyle[39m=[32m"font-size: 1rem; margin: 0px; color: rgb(74, 222, 128); font-family: monospace; text-transform: uppercase; letter-spacing: 1px;"[39m
            [36m>[39m
              [0mINCOMING COMMUNIQUE :: SECTOR COMMAND[0m
            [36m</h2>[39m
          [36m</div>[39m
          [36m<div[39m
            [33mclass[39m=[32m"terminal-communique imperial"[39m
          [36m>[39m
            [36m<p[39m
              [33mstyle[39m=[32m"margin: 0px;"[39m
            [36m>[39m
              [0mVespera Prime, a planet only a few lightyears away from noble Elysia. Once a verdant agriworld thousands of years past, it is now a planet hostile to nearly all life, a casualty from the days of the Horus Heresy. Millennia of war have broken the crust, revealing continents of volcanic activity and rivers of magma. Ancient fields of forest have become ash wastes and rad-soaked wastelands. Aberrant storms create torrential acidic rains that eat away at any attempt at life on the continents, while mighty oceans once teeming with life are toxic soups of poison.[0m
            [36m</p>[39m
            [36m<p[39m
              [33mstyle[39m=[32m"margin: 0px;"[39m
            [36m>[39m
              [0mBut where one might see a death world, the Imperium saw opportunity. For the last 4,000 years, the Imperium has created a foothold on the planet, extracting rare minerals and promethium pushed up from the crust. The planet is now a crucial resource station for the endless armies of the Imperium. Several billion inhabitants live in hive cities, working in the manufactorums and helping to extract resources from this dying world.[0m
            [36m</p>[39m
            [36m<p[39m
              [33mstyle[39m=[32m"margin: 0px;"[39m
            [36m>[39m
              [0mLife is harsh for the average Imperial citizen, and many have abandoned the weary hive cities to live in the wastes, finding ancient relics and machines to plunder for some coin. These people have since become nomadic tribes living on the edge of society and forming their own ways of life, eschewing the safety of the walls for relative freedom.[0m
            [36m</p>[39m
            [36m<p[39m
              [33mstyle[39m=[32m"margin: 0px;"[39m
            [36m>[39m
              [0mMeanwhile, the magma forges are run by the Adeptus Mechanicus. These enormous structures utilize the immense heat of the forges to run the manufactorums that extract both the precious promethium and other minerals near the surface. No creature can survive here except the augmented or genetically enhanced. Plumes of smoke billow into the sky, and ash chokes nearly every corridor. Those found guilty of crimes in the hive are often sent to work the forges—a grueling death sentence and a cruel method of maintaining order in a hopeless world.[0m
            [36m</p>[39m
            [36m<p[39m
              [33mstyle[39m=[32m"margin: 0px;"[39m
            [36m>[39m
              [0mYet, there are harsher places to live on this death world. The Sump is an abandoned hive from before the Heresy. The city was one of the first to fall to the traitor legions. Once a gleaming fortress of towers overseeing the entirety of the planet from its tall peaks, it now resembles a series of pockmarked craters, thousands of feet deep. Billions were killed in the bombardment, but there were still millions trapped beneath the craters. Those in the underlevels at the time had hoped that help would come for them and waited out the war. That was over 10,000 years ago.[0m
            [36m</p>[39m
            [36m<div[39m
              [33mstyle[39m=[32m"margin-top: 1rem; color: rgb(22, 163, 74); font-size: 0.8rem; border-top: 1px dashed rgb(26, 46, 26); padding-top: 1rem;"[39m
            [36m>[39m
              [0m[END TRANSMISSION] // NO REPLIES PERMITTED // THE EMPEROR PROTECTS[0m
            [36m</div>[39m
          [36m</div>[39m
        [36m</div>[39m
        [36m<div[39m
          [33mclass[39m=[32m"card"[39m
          [33mid[39m=[32m"globe-container"[39m
          [33mstyle[39m=[32m"padding: 0px; overflow: hidden; position: relative; display: flex; justify-content: center; align-items: center;"[39m
        [36m>[39m
          [36m<div[39m
            [33mstyle[39m=[32m"position: absolute; top: 1rem; left: 1rem; z-index: 10; background: rgba(0, 0, 0, 0.85); padding: 0.75rem 1.25rem; border-radius: 6px; border: 1px solid var(--theme-border); backdrop-filter: blur(4px);"[39m
          [36m>[39m
            [36m<h3[39m
              [33mstyle[39m=[32m"margin: 0px; font-size: 1.2rem; color: var(--theme-accent);"[39m
            [36m>[39m
              [0mVespera Prime[0m
            [36m</h3>[39m
            [36m<p[39m
              [33mstyle[39m=[32m"margin: 0px; font-size: 0.8rem; color: var(--theme-fg-muted);"[39m
            [36m>[39m
              [0mTactical Hologlobe (Hover over reticles)[0m
            [36m</p>[39m
          [36m</div>[39m
        [36m</div>[39m
        [36m<div[39m
          [33mclass[39m=[32m"card"[39m
        [36m>[39m
          [36m<h2[39m
            [33mstyle[39m=[32m"font-size: 1.5rem; margin-bottom: 1.5rem; border-bottom: 2px solid var(--theme-border); padding-bottom: 0.5rem; color: var(--theme-accent);"[39m
          [36m>[39m
            [0mForces Deployed[0m
          [36m</h2>[39m
          [36m<p[39m
            [33mstyle[39m=[32m"color: var(--theme-fg-muted);"[39m
          [36m>[39m
            [0mNo forces currently deployed.[0m
          [36m</p>[39m
        [36m</div>[39m
        [36m<div[39m
          [33mclass[39m=[32m"card"[39m
        [36m>[39m
          [36m<h2[39m
            [33mstyle[39m=[32m"font-size: 1.5rem; margin-bottom: 1.5rem; border-bottom: 2px solid var(--theme-border); padding-bottom: 0.5rem; color: var(--theme-accent);"[39m
          [36m>[39m
            [0mSector Command Roster[0m
          [36m</h2>[39m
          [36m<p[39m
            [33mstyle[39m=[32m"color: var(--theme-fg-muted);"[39m
          [36m>[39m
            [0mNo active commanders registered.[0m
          [36m</p>[39m
        [36m</div>[39m
      [36m</div>[39m
    [36m</div>[39m
  [36m</body>[39m
[36m</html>[39m
[90m [2m❯[22m Proxy.waitForWrapper node_modules/@testing-library/dom/dist/wait-for.js:[2m163:27[22m[39m
[36m [2m❯[22m src/features/dashboard/Dashboard.test.tsx:[2m61:11[22m[39m
    [90m 59|[39m
    [90m 60|[39m     [90m// Assert it eventually loads the real data and displays it[39m
    [90m 61|[39m     [35mawait[39m [34mwaitFor[39m(() [33m=>[39m {
    [90m   |[39m           [31m^[39m
    [90m 62|[39m       expect(screen.getByText(/imperium/i, { selector: 'span' })).toBe…
    [90m 63|[39m       [34mexpect[39m(screen[33m.[39m[34mgetByText[39m([36m/154/i[39m))[33m.[39m[34mtoBeInTheDocument[39m()[33m;[39m

[31m[2m⎯⎯⎯⎯⎯⎯⎯⎯⎯⎯⎯⎯⎯⎯⎯⎯⎯⎯⎯⎯⎯⎯⎯⎯[3/6]⎯[22m[39m

[41m[1m FAIL [22m[49m src/features/profile/ArmyRoster.test.tsx[2m > [22mArmyRoster[2m > [22mauto-fills points when a known unit is selected
[31m[1mAssertionError[22m[39m: expected '' to be '125' // Object.is equality

Ignored nodes: comments, script, style
[36m<html>[39m
  [36m<head />[39m
  [36m<body>[39m
    [36m<div>[39m
      [36m<div[39m
        [33mstyle[39m=[32m""[39m
      [36m>[39m
        [36m<div[39m
          [33mstyle[39m=[32m"display: flex; gap: 1.5rem; margin-bottom: 2rem; padding: 1rem; background-color: var(--theme-bg-secondary); border-radius: 6px; border: 1px solid var(--theme-border);"[39m
        [36m>[39m
          [36m<div[39m
            [33mstyle[39m=[32m"flex: 1 1 0%;"[39m
          [36m>[39m
            [36m<div[39m
              [33mstyle[39m=[32m"display: flex; justify-content: space-between; font-size: 0.75rem; margin-bottom: 4px;"[39m
            [36m>[39m
              [36m<span[39m
                [33mstyle[39m=[32m"color: var(--theme-fg-muted);"[39m
              [36m>[39m
                [0m⚙ Built[0m
              [36m</span>[39m
              [36m<span[39m
                [33mstyle[39m=[32m"color: var(--theme-accent);"[39m
              [36m>[39m
                [0m1[0m
                [0m/[0m
                [0m2[0m
              [36m</span>[39m
            [36m</div>[39m
            [36m<div[39m
              [33mstyle[39m=[32m"height: 6px; background-color: var(--theme-bg); border-radius: 3px; overflow: hidden;"[39m
            [36m>[39m
              [36m<div[39m
                [33mstyle[39m=[32m"height: 100%; width: 50%; background-color: var(--theme-accent); border-radius: 3px; transition: width 0.3s;"[39m
              [36m/>[39m
            [36m</div>[39m
          [36m</div>[39m
          [36m<div[39m
            [33mstyle[39m=[32m"flex: 1 1 0%;"[39m
          [36m>[39m
            [36m<div[39m
              [33mstyle[39m=[32m"display: flex; justify-content: space-between; font-size: 0.75rem; margin-bottom: 4px;"[39m
            [36m>[39m
              [36m<span[39m
                [33mstyle[39m=[32m"color: var(--theme-fg-muted);"[39m
              [36m>[39m
                [0m🎨 Painted[0m
              [36m</span>[39m
              [36m<span[39m
                [33mstyle[39m=[32m"color: var(--theme-accent);"[39m
              [36m>[39m
                [0m0[0m
                [0m/[0m
                [0m2[0m
              [36m</span>[39m
            [36m</div>[39m
            [36m<div[39m
              [33mstyle[39m=[32m"height: 6px; background-color: var(--theme-bg); border-radius: 3px; overflow: hidden;"[39m
            [36m>[39m
              [36m<div[39m
                [33mstyle[39m=[32m"height: 100%; width: 0%; background-color: var(--theme-accent); border-radius: 3px; transition: width 0.3s;"[39m
              [36m/>[39m
            [36m</div>[39m
          [36m</div>[39m
          [36m<div[39m
            [33mstyle[39m=[32m"flex: 1 1 0%;"[39m
          [36m>[39m
            [36m<div[39m
              [33mstyle[39m=[32m"display: flex; justify-content: space-between; font-size: 0.75rem; margin-bottom: 4px;"[39m
            [36m>[39m
              [36m<span[39m
                [33mstyle[39m=[32m"color: var(--theme-fg-muted);"[39m
              [36m>[39m
                [0m⚔ Played[0m
              [36m</span>[39m
              [36m<span[39m
                [33mstyle[39m=[32m"color: var(--theme-accent);"[39m
              [36m>[39m
                [0m0[0m
                [0m/[0m
                [0m2[0m
              [36m</span>[39m
            [36m</div>[39m
            [36m<div[39m
              [33mstyle[39m=[32m"height: 6px; background-color: var(--theme-bg); border-radius: 3px; overflow: hidden;"[39m
            [36m>[39m
              [36m<div[39m
                [33mstyle[39m=[32m"height: 100%; width: 0%; background-color: var(--theme-accent); border-radius: 3px; transition: width 0.3s;"[39m
              [36m/>[39m
            [36m</div>[39m
          [36m</div>[39m
        [36m</div>[39m
        [36m<div[39m
          [33mstyle[39m=[32m"margin-bottom: 2rem; padding: 1.25rem; border: 1px solid var(--theme-border); border-radius: 6px; background-color: var(--theme-bg-secondary);"[39m
        [36m>[39m
          [36m<h3[39m
            [33mstyle[39m=[32m"margin: 0px 0px 1rem; color: var(--theme-accent); font-size: 0.9rem; text-transform: uppercase; letter-spacing: 1px;"[39m
          [36m>[39m
            [0mMuster Unit[0m
          [36m</h3>[39m
          [36m<form[39m
            [33mstyle[39m=[32m"display: flex; flex-direction: column; gap: 0.75rem;"[39m
          [36m>[39m
            [36m<div[39m
              [33mstyle[39m=[32m"display: grid; grid-template-columns: 1fr 1fr; gap: 0.75rem;"[39m
            [36m>[39m
              [36m<div>[39m
                [36m<label[39m
                  [33mstyle[39m=[32m"display: block; font-size: 0.8rem; margin-bottom: 4px; color: var(--theme-fg-muted);"[39m
                [36m>[39m
                  [0mFaction[0m
                [36m</label>[39m
                [36m<select[39m
                  [33mstyle[39m=[32m"width: 100%; padding: 0.6rem; box-sizing: border-box;"[39m
                [36m>[39m
                  [36m<option[39m
                    [33mvalue[39m=[32m""[39m
                  [36m>[39m
                    [0mSelect faction...[0m
                  [36m</option>[39m
                  [36m<optgroup[39m
                    [33mlabel[39m=[32m"── Imperium ──"[39m
                  [36m>[39m
                    [36m<option[39m
                      [33mvalue[39m=[32m"Adepta Sororitas"[39m
                    [36m>[39m
                      [0mAdepta Sororitas[0m
                    [36m</option>[39m
                    [36m<option[39m
                      [33mvalue[39m=[32m"Adeptus Custodes"[39m
                    [36m>[39m
                      [0mAdeptus Custodes[0m
                    [36m</option>[39m
                    [36m<option[39m
                      [33mvalue[39m=[32m"Adeptus Mechanicus"[39m
                    [36m>[39m
                      [0mAdeptus Mechanicus[0m
                    [36m</option>[39m
                    [36m<option[39m
                      [33mvalue[39m=[32m"Adeptus Titanicus"[39m
                    [36m>[39m
                      [0mAdeptus Titanicus[0m
                    [36m</option>[39m
                    [36m<option[39m
                      [33mvalue[39m=[32m"Astra Militarum"[39m
                    [36m>[39m
                      [0mAstra Militarum[0m
                    [36m</option>[39m
                    [36m<option[39m
                      [33mvalue[39m=[32m"Black Templars"[39m
                    [36m>[39m
                      [0mBlack Templars[0m
                    [36m</option>[39m
                    [36m<option[39m
                      [33mvalue[39m=[32m"Blood Angels"[39m
     ...

[32m- Expected[39m
[31m+ Received[39m

[32m- 125[39m

[36m [2m❯[22m src/features/profile/ArmyRoster.test.tsx:[2m139:33[22m[39m
    [90m137|[39m     [35mawait[39m [34mwaitFor[39m(() [33m=>[39m {
    [90m138|[39m       const pointsInput = screen.getByPlaceholderText('—') as HTMLInpu…
    [90m139|[39m       [34mexpect[39m(pointsInput[33m.[39mvalue)[33m.[39m[34mtoBe[39m([32m'125'[39m)[33m;[39m
    [90m   |[39m                                 [31m^[39m
    [90m140|[39m       [34mexpect[39m(screen[33m.[39m[34mgetByText[39m([36m/auto-filled/i[39m))[33m.[39m[34mtoBeInTheDocument[39m()[33m;[39m
    [90m141|[39m     })[33m;[39m
[90m [2m❯[22m runWithExpensiveErrorDiagnosticsDisabled node_modules/@testing-library/dom/dist/config.js:[2m47:12[22m[39m
[90m [2m❯[22m checkCallback node_modules/@testing-library/dom/dist/wait-for.js:[2m124:77[22m[39m
[90m [2m❯[22m Timeout.checkRealTimersCallback node_modules/@testing-library/dom/dist/wait-for.js:[2m118:16[22m[39m

[31m[2m⎯⎯⎯⎯⎯⎯⎯⎯⎯⎯⎯⎯⎯⎯⎯⎯⎯⎯⎯⎯⎯⎯⎯⎯[4/6]⎯[22m[39m

[41m[1m FAIL [22m[49m src/features/profile/CommanderProfile.test.tsx[2m > [22mCommanderProfile[2m > [22mswitches to roster tab and renders ArmyRoster
[31m[1mTestingLibraryElementError[22m: Unable to find an element with the text: Army Roster. This could be because the text is broken up by multiple elements. In this case, you can provide a function for your text matcher to make your matcher more flexible.

Ignored nodes: comments, script, style
[36m<body>[31m
  [36m<div />[31m
[36m</body>[31m[39m
[90m [2m❯[22m Object.getElementError node_modules/@testing-library/dom/dist/config.js:[2m37:19[22m[39m
[90m [2m❯[22m node_modules/@testing-library/dom/dist/query-helpers.js:[2m76:38[22m[39m
[90m [2m❯[22m node_modules/@testing-library/dom/dist/query-helpers.js:[2m52:17[22m[39m
[90m [2m❯[22m node_modules/@testing-library/dom/dist/query-helpers.js:[2m95:19[22m[39m
[36m [2m❯[22m src/features/profile/CommanderProfile.test.tsx:[2m121:28[22m[39m
    [90m119|[39m     [34mrenderProfile[39m()[33m;[39m
    [90m120|[39m     [35mawait[39m [34mwaitFor[39m(() [33m=>[39m screen[33m.[39m[34mgetByText[39m([32m'Army Roster'[39m))[33m;[39m
    [90m121|[39m     fireEvent[33m.[39m[34mclick[39m(screen[33m.[39m[34mgetByText[39m([32m'Army Roster'[39m))[33m;[39m
    [90m   |[39m                            [31m^[39m
    [90m122|[39m     [35mawait[39m [34mwaitFor[39m(() [33m=>[39m {
    [90m123|[39m       [34mexpect[39m(screen[33m.[39m[34mgetByText[39m([32m'ArmyRoster Mock'[39m))[33m.[39m[34mtoBeInTheDocument[39m()[33m;[39m

[31m[2m⎯⎯⎯⎯⎯⎯⎯⎯⎯⎯⎯⎯⎯⎯⎯⎯⎯⎯⎯⎯⎯⎯⎯⎯[5/6]⎯[22m[39m

[41m[1m FAIL [22m[49m src/features/profile/CommanderProfile.test.tsx[2m > [22mCommanderProfile[2m > [22mswitches to lore tab and shows lore text
[31m[1mTestingLibraryElementError[22m: Unable to find an element with the text: Army Chronicles. This could be because the text is broken up by multiple elements. In this case, you can provide a function for your text matcher to make your matcher more flexible.

Ignored nodes: comments, script, style
[36m<body>[31m
  [36m<div />[31m
[36m</body>[31m[39m
[90m [2m❯[22m Object.getElementError node_modules/@testing-library/dom/dist/config.js:[2m37:19[22m[39m
[90m [2m❯[22m node_modules/@testing-library/dom/dist/query-helpers.js:[2m76:38[22m[39m
[90m [2m❯[22m node_modules/@testing-library/dom/dist/query-helpers.js:[2m52:17[22m[39m
[90m [2m❯[22m node_modules/@testing-library/dom/dist/query-helpers.js:[2m95:19[22m[39m
[36m [2m❯[22m src/features/profile/CommanderProfile.test.tsx:[2m130:28[22m[39m
    [90m128|[39m     [34mrenderProfile[39m()[33m;[39m
    [90m129|[39m     [35mawait[39m [34mwaitFor[39m(() [33m=>[39m screen[33m.[39m[34mgetByText[39m([32m'Army Chronicles'[39m))[33m;[39m
    [90m130|[39m     fireEvent[33m.[39m[34mclick[39m(screen[33m.[39m[34mgetByText[39m([32m'Army Chronicles'[39m))[33m;[39m
    [90m   |[39m                            [31m^[39m
    [90m131|[39m     [35mawait[39m [34mwaitFor[39m(() [33m=>[39m {
    [90m132|[39m       expect(screen.getByText(/We march for the Emperor/i)).toBeInTheD…

[31m[2m⎯⎯⎯⎯⎯⎯⎯⎯⎯⎯⎯⎯⎯⎯⎯⎯⎯⎯⎯⎯⎯⎯⎯⎯[6/6]⎯[22m[39m

[31m⎯⎯⎯⎯⎯⎯[39m[1m[41m Unhandled Errors [49m[22m[31m⎯⎯⎯⎯⎯⎯[39m
[31m[1m
Vitest caught 4 unhandled errors during the test run.
This might cause false positive tests. Resolve unhandled errors to make sure your tests are not affected.[22m[39m

[31m⎯⎯⎯⎯⎯[39m[1m[41m Uncaught Exception [49m[22m[31m⎯⎯⎯⎯⎯[39m
[31m[1mTypeError[22m: supabase.from(...).select(...).or is not a function[39m
[36m [2m❯[22m src/components/CampaignQuests.tsx:[2m22:8[22m[39m
    [90m 20|[39m     supabase[33m.[39m[35mfrom[39m([32m'matchups'[39m)
    [90m 21|[39m       [33m.[39m[34mselect[39m([32m'status, p1_id, p2_id, p1_temperament, p2_temperament'[39m)
    [90m 22|[39m       [33m.[39m[34mor[39m([32m`p1_id.eq.[39m[36m${[39mprofile[33m.[39mid[36m}[39m[32m,p2_id.eq.[39m[36m${[39mprofile[33m.[39mid[36m}[39m[32m`[39m)
    [90m   |[39m        [31m^[39m
    [90m 23|[39m       [33m.[39m[34mthen[39m(({ data }) [33m=>[39m {
    [90m 24|[39m         [35mif[39m (data) {
[90m [2m❯[22m Object.react_stack_bottom_frame node_modules/react-dom/cjs/react-dom-client.development.js:[2m25989:20[22m[39m
[90m [2m❯[22m runWithFiberInDEV node_modules/react-dom/cjs/react-dom-client.development.js:[2m874:13[22m[39m
[90m [2m❯[22m commitHookEffectListMount node_modules/react-dom/cjs/react-dom-client.development.js:[2m13249:29[22m[39m
[90m [2m❯[22m commitHookPassiveMountEffects node_modules/react-dom/cjs/react-dom-client.development.js:[2m13336:11[22m[39m
[90m [2m❯[22m commitPassiveMountOnFiber node_modules/react-dom/cjs/react-dom-client.development.js:[2m15484:13[22m[39m
[90m [2m❯[22m recursivelyTraversePassiveMountEffects node_modules/react-dom/cjs/react-dom-client.development.js:[2m15439:11[22m[39m
[90m [2m❯[22m commitPassiveMountOnFiber node_modules/react-dom/cjs/react-dom-client.development.js:[2m15718:11[22m[39m
[90m [2m❯[22m recursivelyTraversePassiveMountEffects node_modules/react-dom/cjs/react-dom-client.development.js:[2m15439:11[22m[39m
[90m [2m❯[22m commitPassiveMountOnFiber node_modules/react-dom/cjs/react-dom-client.development.js:[2m15476:11[22m[39m

[31mThis error originated in "[1msrc/features/profile/CommanderProfile.test.tsx[22m" test file. It doesn't mean the error was thrown inside the file itself, but while it was running.[39m
[31mThe latest test that might've caused the error is "[1mrenders commander name and tabs after load[22m". It might mean one of the following:
- The error was thrown, while Vitest was running this test.
- If the error occurred after the test had been completed, this was the last documented test before it was thrown.[39m

[31m⎯⎯⎯⎯⎯[39m[1m[41m Uncaught Exception [49m[22m[31m⎯⎯⎯⎯⎯[39m
[31m[1mTypeError[22m: supabase.from(...).select(...).or is not a function[39m
[36m [2m❯[22m src/components/CampaignQuests.tsx:[2m22:8[22m[39m
    [90m 20|[39m     supabase[33m.[39m[35mfrom[39m([32m'matchups'[39m)
    [90m 21|[39m       [33m.[39m[34mselect[39m([32m'status, p1_id, p2_id, p1_temperament, p2_temperament'[39m)
    [90m 22|[39m       [33m.[39m[34mor[39m([32m`p1_id.eq.[39m[36m${[39mprofile[33m.[39mid[36m}[39m[32m,p2_id.eq.[39m[36m${[39mprofile[33m.[39mid[36m}[39m[32m`[39m)
    [90m   |[39m        [31m^[39m
    [90m 23|[39m       [33m.[39m[34mthen[39m(({ data }) [33m=>[39m {
    [90m 24|[39m         [35mif[39m (data) {
[90m [2m❯[22m Object.react_stack_bottom_frame node_modules/react-dom/cjs/react-dom-client.development.js:[2m25989:20[22m[39m
[90m [2m❯[22m runWithFiberInDEV node_modules/react-dom/cjs/react-dom-client.development.js:[2m874:13[22m[39m
[90m [2m❯[22m commitHookEffectListMount node_modules/react-dom/cjs/react-dom-client.development.js:[2m13249:29[22m[39m
[90m [2m❯[22m commitHookPassiveMountEffects node_modules/react-dom/cjs/react-dom-client.development.js:[2m13336:11[22m[39m
[90m [2m❯[22m commitPassiveMountOnFiber node_modules/react-dom/cjs/react-dom-client.development.js:[2m15484:13[22m[39m
[90m [2m❯[22m recursivelyTraversePassiveMountEffects node_modules/react-dom/cjs/react-dom-client.development.js:[2m15439:11[22m[39m
[90m [2m❯[22m commitPassiveMountOnFiber node_modules/react-dom/cjs/react-dom-client.development.js:[2m15718:11[22m[39m
[90m [2m❯[22m recursivelyTraversePassiveMountEffects node_modules/react-dom/cjs/react-dom-client.development.js:[2m15439:11[22m[39m
[90m [2m❯[22m commitPassiveMountOnFiber node_modules/react-dom/cjs/react-dom-client.development.js:[2m15476:11[22m[39m

[31mThis error originated in "[1msrc/features/profile/CommanderProfile.test.tsx[22m" test file. It doesn't mean the error was thrown inside the file itself, but while it was running.[39m
[31mThe latest test that might've caused the error is "[1mshows specs by default with faction info[22m". It might mean one of the following:
- The error was thrown, while Vitest was running this test.
- If the error occurred after the test had been completed, this was the last documented test before it was thrown.[39m

[31m⎯⎯⎯⎯⎯[39m[1m[41m Uncaught Exception [49m[22m[31m⎯⎯⎯⎯⎯[39m
[31m[1mTypeError[22m: supabase.from(...).select(...).or is not a function[39m
[36m [2m❯[22m src/components/CampaignQuests.tsx:[2m22:8[22m[39m
    [90m 20|[39m     supabase[33m.[39m[35mfrom[39m([32m'matchups'[39m)
    [90m 21|[39m       [33m.[39m[34mselect[39m([32m'status, p1_id, p2_id, p1_temperament, p2_temperament'[39m)
    [90m 22|[39m       [33m.[39m[34mor[39m([32m`p1_id.eq.[39m[36m${[39mprofile[33m.[39mid[36m}[39m[32m,p2_id.eq.[39m[36m${[39mprofile[33m.[39mid[36m}[39m[32m`[39m)
    [90m   |[39m        [31m^[39m
    [90m 23|[39m       [33m.[39m[34mthen[39m(({ data }) [33m=>[39m {
    [90m 24|[39m         [35mif[39m (data) {
[90m [2m❯[22m Object.react_stack_bottom_frame node_modules/react-dom/cjs/react-dom-client.development.js:[2m25989:20[22m[39m
[90m [2m❯[22m runWithFiberInDEV node_modules/react-dom/cjs/react-dom-client.development.js:[2m874:13[22m[39m
[90m [2m❯[22m commitHookEffectListMount node_modules/react-dom/cjs/react-dom-client.development.js:[2m13249:29[22m[39m
[90m [2m❯[22m commitHookPassiveMountEffects node_modules/react-dom/cjs/react-dom-client.development.js:[2m13336:11[22m[39m
[90m [2m❯[22m commitPassiveMountOnFiber node_modules/react-dom/cjs/react-dom-client.development.js:[2m15484:13[22m[39m
[90m [2m❯[22m recursivelyTraversePassiveMountEffects node_modules/react-dom/cjs/react-dom-client.development.js:[2m15439:11[22m[39m
[90m [2m❯[22m commitPassiveMountOnFiber node_modules/react-dom/cjs/react-dom-client.development.js:[2m15718:11[22m[39m
[90m [2m❯[22m recursivelyTraversePassiveMountEffects node_modules/react-dom/cjs/react-dom-client.development.js:[2m15439:11[22m[39m
[90m [2m❯[22m commitPassiveMountOnFiber node_modules/react-dom/cjs/react-dom-client.development.js:[2m15476:11[22m[39m

[31mThis error originated in "[1msrc/features/profile/CommanderProfile.test.tsx[22m" test file. It doesn't mean the error was thrown inside the file itself, but while it was running.[39m
[31mThe latest test that might've caused the error is "[1mswitches to roster tab and renders ArmyRoster[22m". It might mean one of the following:
- The error was thrown, while Vitest was running this test.
- If the error occurred after the test had been completed, this was the last documented test before it was thrown.[39m

[31m⎯⎯⎯⎯⎯[39m[1m[41m Uncaught Exception [49m[22m[31m⎯⎯⎯⎯⎯[39m
[31m[1mTypeError[22m: supabase.from(...).select(...).or is not a function[39m
[36m [2m❯[22m src/components/CampaignQuests.tsx:[2m22:8[22m[39m
    [90m 20|[39m     supabase[33m.[39m[35mfrom[39m([32m'matchups'[39m)
    [90m 21|[39m       [33m.[39m[34mselect[39m([32m'status, p1_id, p2_id, p1_temperament, p2_temperament'[39m)
    [90m 22|[39m       [33m.[39m[34mor[39m([32m`p1_id.eq.[39m[36m${[39mprofile[33m.[39mid[36m}[39m[32m,p2_id.eq.[39m[36m${[39mprofile[33m.[39mid[36m}[39m[32m`[39m)
    [90m   |[39m        [31m^[39m
    [90m 23|[39m       [33m.[39m[34mthen[39m(({ data }) [33m=>[39m {
    [90m 24|[39m         [35mif[39m (data) {
[90m [2m❯[22m Object.react_stack_bottom_frame node_modules/react-dom/cjs/react-dom-client.development.js:[2m25989:20[22m[39m
[90m [2m❯[22m runWithFiberInDEV node_modules/react-dom/cjs/react-dom-client.development.js:[2m874:13[22m[39m
[90m [2m❯[22m commitHookEffectListMount node_modules/react-dom/cjs/react-dom-client.development.js:[2m13249:29[22m[39m
[90m [2m❯[22m commitHookPassiveMountEffects node_modules/react-dom/cjs/react-dom-client.development.js:[2m13336:11[22m[39m
[90m [2m❯[22m commitPassiveMountOnFiber node_modules/react-dom/cjs/react-dom-client.development.js:[2m15484:13[22m[39m
[90m [2m❯[22m recursivelyTraversePassiveMountEffects node_modules/react-dom/cjs/react-dom-client.development.js:[2m15439:11[22m[39m
[90m [2m❯[22m commitPassiveMountOnFiber node_modules/react-dom/cjs/react-dom-client.development.js:[2m15718:11[22m[39m
[90m [2m❯[22m recursivelyTraversePassiveMountEffects node_modules/react-dom/cjs/react-dom-client.development.js:[2m15439:11[22m[39m
[90m [2m❯[22m commitPassiveMountOnFiber node_modules/react-dom/cjs/react-dom-client.development.js:[2m15476:11[22m[39m

[31mThis error originated in "[1msrc/features/profile/CommanderProfile.test.tsx[22m" test file. It doesn't mean the error was thrown inside the file itself, but while it was running.[39m
[31mThe latest test that might've caused the error is "[1mswitches to lore tab and shows lore text[22m". It might mean one of the following:
- The error was thrown, while Vitest was running this test.
- If the error occurred after the test had been completed, this was the last documented test before it was thrown.[39m
[31m⎯⎯⎯⎯⎯⎯⎯⎯⎯⎯⎯⎯⎯⎯⎯⎯⎯⎯⎯⎯⎯⎯⎯⎯⎯⎯⎯⎯⎯⎯[39m


[2m Test Files [22m [1m[31m4 failed[39m[22m[2m | [22m[1m[32m11 passed[39m[22m[90m (15)[39m
[2m      Tests [22m [1m[31m6 failed[39m[22m[2m | [22m[1m[32m48 passed[39m[22m[90m (54)[39m
[2m     Errors [22m [1m[31m4 errors[39m[22m
[2m   Start at [22m 13:50:53
[2m   Duration [22m 3.37s[2m (transform 1.84s, setup 1.26s, import 4.22s, tests 4.46s, environment 10.72s)[22m

